
> gatewayservice@1.0.0 dev
> nodemon ./src/server.ts

[33m[nodemon] 3.1.14[39m
[33m[nodemon] to restart at any time, enter `rs`[39m
[33m[nodemon] watching path(s): *.*[39m
[33m[nodemon] watching extensions: ts,json[39m
[32m[nodemon] starting `ts-node ./src/server.ts`[39m
◇ injected env (1) from .env // tip: ◈ secrets for agents [www.dotenvx.com]
gateway service running on port  3000
➡️ Incoming request:
Original URL: /api/v1/auth/signup
Method: POST
Gateway received (original URL): /api/v1/auth/signup
Error: Cannot set headers after they are sent to the client
    at ClientRequest.setHeader (node:_http_outgoing:642:11)
    at C:\Users\Lenovo\OneDrive\Desktop\servora\services\gatewayService\node_modules\express-http-proxy\app\steps\sendProxyRequest.js:58:18
    at new Promise (<anonymous>)
    at defaultSendProxyRequest (C:\Users\Lenovo\OneDrive\Desktop\servora\services\gatewayService\node_modules\express-http-proxy\app\steps\sendProxyRequest.js:12:10)
    at sendProxyRequest (C:\Users\Lenovo\OneDrive\Desktop\servora\services\gatewayService\node_modules\express-http-proxy\app\steps\sendProxyRequest.js:97:10)
    at processTicksAndRejections (node:internal/process/task_queues:103:5)
[32m[nodemon] restarting due to changes...[39m
[32m[nodemon] starting `ts-node ./src/server.ts`[39m
◇ injected env (1) from .env // tip: ⌁ auth for agents [www.vestauth.com]
gateway service running on port  3000
➡️ Incoming request:
Original URL: /api/v1/auth/signup
Method: POST
Gateway received (original URL): /api/v1/auth/signup
Error: Cannot set headers after they are sent to the client
    at ClientRequest.setHeader (node:_http_outgoing:642:11)
    at C:\Users\Lenovo\OneDrive\Desktop\servora\services\gatewayService\node_modules\express-http-proxy\app\steps\sendProxyRequest.js:58:18
    at new Promise (<anonymous>)
    at defaultSendProxyRequest (C:\Users\Lenovo\OneDrive\Desktop\servora\services\gatewayService\node_modules\express-http-proxy\app\steps\sendProxyRequest.js:12:10)
    at sendProxyRequest (C:\Users\Lenovo\OneDrive\Desktop\servora\services\gatewayService\node_modules\express-http-proxy\app\steps\sendProxyRequest.js:97:10)
    at processTicksAndRejections (node:internal/process/task_queues:103:5)
[32m[nodemon] restarting due to changes...[39m
[32m[nodemon] restarting due to changes...[39m
[32m[nodemon] starting `ts-node ./src/server.ts`[39m
'ts-node' is not recognized as an internal or external command,
operable program or batch file.
[31m[nodemon] app crashed - waiting for file changes before starting...[39m
[32m[nodemon] restarting due to changes...[39m
[32m[nodemon] starting `ts-node ./src/server.ts`[39m
'ts-node' is not recognized as an internal or external command,
operable program or batch file.
[31m[nodemon] app crashed - waiting for file changes before starting...[39m
[32m[nodemon] restarting due to changes...[39m
[32m[nodemon] starting `ts-node ./src/server.ts`[39m
'ts-node' is not recognized as an internal or external command,
operable program or batch file.
[31m[nodemon] app crashed - waiting for file changes before starting...[39m
[32m[nodemon] restarting due to changes...[39m
[32m[nodemon] starting `ts-node ./src/server.ts`[39m
'ts-node' is not recognized as an internal or external command,
operable program or batch file.
[31m[nodemon] app crashed - waiting for file changes before starting...[39m
[32m[nodemon] restarting due to changes...[39m
[32m[nodemon] starting `ts-node ./src/server.ts`[39m
[32m[nodemon] restarting due to changes...[39m
[32m[nodemon] starting `ts-node ./src/server.ts`[39m
[32m[nodemon] restarting due to changes...[39m
◇ injected env (1) from .env // tip: ⌘ suppress logs { quiet: true }
[32m[nodemon] starting `ts-node ./src/server.ts`[39m
◇ injected env (1) from .env // tip: ⌘ suppress logs { quiet: true }
gateway service running on port  3000
[32m[nodemon] restarting due to changes...[39m
[32m[nodemon] starting `ts-node ./src/server.ts`[39m
◇ injected env (1) from .env // tip: ⌘ override existing { override: true }
gateway service running on port  3000
➡️ Incoming request:
Original URL: /api/v1/auth/signup
Method: POST
(node:30264) [DEP0060] DeprecationWarning: The `util._extend` API is deprecated. Please use Object.assign() instead.
(Use `node --trace-deprecation ...` to show where the warning was created)
➡️ Incoming request:
Original URL: /api/v1/auth/signup
Method: POST
[32m[nodemon] restarting due to changes...[39m
[32m[nodemon] starting `ts-node ./src/server.ts`[39m
C:\Users\Lenovo\OneDrive\Desktop\servora\services\gatewayService\node_modules\ts-node\src\index.ts:859
    return new TSError(diagnosticText, diagnosticCodes, diagnostics);
           ^
TSError: ⨯ Unable to compile TypeScript:
src/server.ts(14,47): error TS2554: Expected 1 arguments, but got 2.

    at createTSError (C:\Users\Lenovo\OneDrive\Desktop\servora\services\gatewayService\node_modules\ts-node\src\index.ts:859:12)
    at reportTSError (C:\Users\Lenovo\OneDrive\Desktop\servora\services\gatewayService\node_modules\ts-node\src\index.ts:863:19)
    at getOutput (C:\Users\Lenovo\OneDrive\Desktop\servora\services\gatewayService\node_modules\ts-node\src\index.ts:1077:36)
    at Object.compile (C:\Users\Lenovo\OneDrive\Desktop\servora\services\gatewayService\node_modules\ts-node\src\index.ts:1433:41)
    at Module.m._compile (C:\Users\Lenovo\OneDrive\Desktop\servora\services\gatewayService\node_modules\ts-node\src\index.ts:1617:30)
    at node:internal/modules/cjs/loader:1893:10
    at Object.require.extensions.<computed> [as .ts] (C:\Users\Lenovo\OneDrive\Desktop\servora\services\gatewayService\node_modules\ts-node\src\index.ts:1621:12)
    at Module.load (node:internal/modules/cjs/loader:1481:32)
    at Module._load (node:internal/modules/cjs/loader:1300:12)
    at TracingChannel.traceSync (node:diagnostics_channel:328:14) {
  diagnosticCodes: [ 2554 ]
}
[31m[nodemon] app crashed - waiting for file changes before starting...[39m
[32m[nodemon] restarting due to changes...[39m
[32m[nodemon] starting `ts-node ./src/server.ts`[39m
◇ injected env (1) from .env // tip: ⌘ multiple files { path: ['.env.local', '.env'] }
C:\Users\Lenovo\OneDrive\Desktop\servora\services\gatewayService\node_modules\path-to-regexp\src\index.ts:218
          throw new PathError(`Missing parameter name at index ${index}`, str);
                ^
PathError [TypeError]: Missing parameter name at index 14: /api/v1/auth/*; visit https://git.new/pathToRegexpError for info
    at consumeUntil (C:\Users\Lenovo\OneDrive\Desktop\servora\services\gatewayService\node_modules\path-to-regexp\src\index.ts:218:17)
    at parse (C:\Users\Lenovo\OneDrive\Desktop\servora\services\gatewayService\node_modules\path-to-regexp\src\index.ts:262:24)
    at process (C:\Users\Lenovo\OneDrive\Desktop\servora\services\gatewayService\node_modules\path-to-regexp\src\index.ts:466:52)
    at pathToRegexp (C:\Users\Lenovo\OneDrive\Desktop\servora\services\gatewayService\node_modules\path-to-regexp\src\index.ts:478:3)
    at Object.match (C:\Users\Lenovo\OneDrive\Desktop\servora\services\gatewayService\node_modules\path-to-regexp\src\index.ts:416:28)
    at matcher (C:\Users\Lenovo\OneDrive\Desktop\servora\services\gatewayService\node_modules\router\lib\layer.js:86:23)
    at new Layer (C:\Users\Lenovo\OneDrive\Desktop\servora\services\gatewayService\node_modules\router\lib\layer.js:93:62)
    at router.route (C:\Users\Lenovo\OneDrive\Desktop\servora\services\gatewayService\node_modules\router\index.js:428:17)
    at app.route (C:\Users\Lenovo\OneDrive\Desktop\servora\services\gatewayService\node_modules\express\lib\application.js:257:22)
    at app.all (C:\Users\Lenovo\OneDrive\Desktop\servora\services\gatewayService\node_modules\express\lib\application.js:495:20) {
  originalPath: '/api/v1/auth/*'
}
[31m[nodemon] app crashed - waiting for file changes before starting...[39m
[32m[nodemon] restarting due to changes...[39m
[32m[nodemon] starting `ts-node ./src/server.ts`[39m
◇ injected env (1) from .env // tip: ⌘ suppress logs { quiet: true }
gateway service running on port  3000
➡️ Incoming request:
Original URL: /api/v1/auth/signup
Method: POST
(node:5544) [DEP0060] DeprecationWarning: The `util._extend` API is deprecated. Please use Object.assign() instead.
(Use `node --trace-deprecation ...` to show where the warning was created)
➡️ Incoming request:
Original URL: /api/v1/auth/signup
Method: POST
➡️ Incoming request:
Original URL: /api/v1/auth/signup
Method: POST
➡️ Incoming request:
Original URL: /api/v1/auth/signup
Method: POST
[32m[nodemon] restarting due to changes...[39m
[32m[nodemon] starting `ts-node ./src/server.ts`[39m
◇ injected env (1) from .env // tip: ⌘ custom filepath { path: '/custom/path/.env' }
gateway service running on port  3000
